// Jest Snapshot v1, https://goo.gl/fbAQLP

exports[`should set up snapshot for ExpensesSummary component 1`] = `
<div>
  <p>
    Viewing 
    2
     expense(s) totalling 
    $0.00
  </p>
</div>
`;
