// Jest Snapshot v1, https://goo.gl/fbAQLP

exports[`should render ExpenseListItem 1`] = `
<div>
  <Link
    replace={false}
    to="/edit/1"
  >
    <h3>
      Gum
    </h3>
  </Link>
  <p>
    Cost: $
    195
  </p>
  <p>
    Date Created: 
    0
  </p>
  <hr />
</div>
`;
